[{[{a, 128}, {b, 126}, {c, 129}, {d, 127}]}, {[{a, 127}, {b, 129}, {c, 126}, {d, 128}]}]